PS C:\Users\miei\SAMURAI_TERAKOYA\kadai> mkdir git_challenge 


    ディレクトリ: C:\Users\miei\SAMURAI_TERAKOYA\kadai


Mode                 LastWriteTime         Length Name
----                 -------------         ------ ----
d-----        2023/10/01      7:57                git_challenge


PS C:\Users\miei\SAMURAI_TERAKOYA\kadai> cd git_challenge

PS C:\Users\miei\SAMURAI_TERAKOYA\kadai\git_challenge> git init
Initialized empty Git repository in C:/Users/miei/SAMURAI_TERAKOYA/kadai/git_challenge/.git/

PS C:\Users\miei\SAMURAI_TERAKOYA\kadai\git_challenge> git add hello_world.txt    

PS C:\Users\miei\SAMURAI_TERAKOYA\kadai\git_challenge> git commit -m "hello_world.txtを追 
加"
[main (root-commit) 906bb48] hello_world.txtを追加
 1 file changed, 1 insertion(+)
 create mode 100644 hello_world.txt

PS C:\Users\miei\SAMURAI_TERAKOYA\kadai\git_challenge> git status
On branch main
Changes not staged for commit:
  (use "git add <file>..." to update what will be committed)
  (use "git restore <file>..." to discard changes in working directory)
        modified:   hello_world.txt

no changes added to commit (use "git add" and/or "git commit -a")

PS C:\Users\miei\SAMURAI_TERAKOYA\kadai\git_challenge> git add hello_world.txt

PS C:\Users\miei\SAMURAI_TERAKOYA\kadai\git_challenge> git diff --staged
diff --git a/hello_world.txt b/hello_world.txt
index b45ef6f..6de808c 100644
--- a/hello_world.txt
+++ b/hello_world.txt
@@ -1 +1,2 @@
-Hello, World!
\ No newline at end of file
+Hello, World!
+こんにちは、世界！
\ No newline at end of file

PS C:\Users\miei\SAMURAI_TERAKOYA\kadai\git_challenge> git commit -m "日本語訳を追記"     
[main c2c47ca] 日本語訳を追記
 1 file changed, 2 insertions(+), 1 deletion(-)

PS C:\Users\miei\SAMURAI_TERAKOYA\kadai\git_challenge> git status
On branch main
nothing to commit, working tree clean

PS C:\Users\miei\SAMURAI_TERAKOYA\kadai\git_challenge> git diff --staged

PS C:\Users\miei\SAMURAI_TERAKOYA\kadai\git_challenge> git log --oneline
c2c47ca (HEAD -> main) 日本語訳を追記
906bb48 hello_world.txtを追加
